0 verbose cli /usr/local/bin/node /usr/local/bin/npm
1 info using npm@8.19.3
2 info using node@v16.19.1
3 timing npm:load:whichnode Completed in 1ms
4 timing config:load:defaults Completed in 2ms
5 timing config:load:file:/usr/local/lib/node_modules/npm/npmrc Completed in 1ms
6 timing config:load:builtin Completed in 2ms
7 warn config optional Use `--omit=optional` to exclude optional dependencies, or
7 warn config `--include=optional` to include them.
7 warn config
7 warn config     Default value does install optional deps unless otherwise omitted.
8 timing config:load:cli Completed in 4ms
9 timing config:load:env Completed in 1ms
10 timing config:load:file:/home/user/Documents/reactNative/Aug09/headsup/frontend/.npmrc Completed in 0ms
11 timing config:load:project Completed in 5ms
12 timing config:load:file:/home/user/.npmrc Completed in 0ms
13 timing config:load:user Completed in 0ms
14 timing config:load:file:/usr/local/etc/npmrc Completed in 0ms
15 timing config:load:global Completed in 1ms
16 timing config:load:validate Completed in 0ms
17 timing config:load:credentials Completed in 2ms
18 timing config:load:setEnvs Completed in 1ms
19 timing config:load Completed in 19ms
20 timing npm:load:configload Completed in 19ms
21 timing npm:load:mkdirpcache Completed in 7ms
22 timing npm:load:mkdirplogs Completed in 1ms
23 verbose title npm install
24 verbose argv "install" "--cache" "/home/user/Documents/reactNative/Aug09/headsup/.npm_cache" "--no-bin-links" "--no-optional" "--loglevel" "verbose"
25 timing npm:load:setTitle Completed in 2ms
26 timing config:load:flatten Completed in 3ms
27 timing npm:load:display Completed in 9ms
28 verbose logfile logs-max:10 dir:/home/user/Documents/reactNative/Aug09/headsup/.npm_cache/_logs
29 verbose logfile /home/user/Documents/reactNative/Aug09/headsup/.npm_cache/_logs/2026-05-07T17_46_33_552Z-debug-0.log
30 timing npm:load:logFile Completed in 16ms
31 timing npm:load:timers Completed in 0ms
32 timing npm:load:configScope Completed in 0ms
33 timing npm:load Completed in 60ms
34 timing arborist:ctor Completed in 1ms
35 silly logfile done cleaning log files
36 timing arborist:ctor Completed in 0ms
37 timing idealTree:init Completed in 21ms
38 timing idealTree:userRequests Completed in 1ms
39 silly idealTree buildDeps
40 silly fetch manifest axios@^0.27.2
41 silly fetch manifest react@^18.2.0
42 silly fetch manifest react-dom@^18.2.0
43 silly fetch manifest react-router-dom@^6.4.0
44 silly fetch manifest material-ui@^5.0.0
45 silly fetch manifest react-scripts@5.0.1
46 silly placeDep ROOT axios@ OK for: headsup-frontend@1.0.0 want: ^0.27.2
47 silly placeDep ROOT material-ui@ OK for: headsup-frontend@1.0.0 want: ^5.0.0
48 silly placeDep ROOT react@ OK for: headsup-frontend@1.0.0 want: ^18.2.0
49 silly placeDep ROOT react-dom@ OK for: headsup-frontend@1.0.0 want: ^18.2.0
50 silly placeDep ROOT react-router-dom@ OK for: headsup-frontend@1.0.0 want: ^6.4.0
51 silly placeDep ROOT react-scripts@ OK for: headsup-frontend@1.0.0 want: 5.0.1
52 timing idealTree:#root Completed in 420870ms
53 timing idealTree:node_modules/axios Completed in 0ms
54 timing idealTree:node_modules/material-ui Completed in 0ms
55 timing idealTree:node_modules/react Completed in 1ms
56 timing idealTree:node_modules/react-dom Completed in 0ms
57 timing idealTree:node_modules/react-router-dom Completed in 0ms
58 timing idealTree:node_modules/react-scripts Completed in 0ms
59 timing idealTree:buildDeps Completed in 420877ms
60 timing idealTree:fixDepFlags Completed in 1ms
61 timing idealTree Completed in 420906ms
62 timing command:install Completed in 420963ms
63 verbose type system
64 verbose stack FetchError: request to https://registry.npmjs.org/axios failed, reason: getaddrinfo EAI_AGAIN registry.npmjs.org
64 verbose stack     at ClientRequest.<anonymous> (/usr/local/lib/node_modules/npm/node_modules/minipass-fetch/lib/index.js:130:14)
64 verbose stack     at ClientRequest.emit (node:events:513:28)
64 verbose stack     at TLSSocket.socketErrorListener (node:_http_client:494:9)
64 verbose stack     at TLSSocket.emit (node:events:525:35)
64 verbose stack     at emitErrorNT (node:internal/streams/destroy:157:8)
64 verbose stack     at emitErrorCloseNT (node:internal/streams/destroy:122:3)
64 verbose stack     at processTicksAndRejections (node:internal/process/task_queues:83:21)
65 verbose cwd /home/user/Documents/reactNative/Aug09/headsup/frontend
66 verbose Linux 6.8.0-110-generic
67 verbose node v16.19.1
68 verbose npm  v8.19.3
69 error code EAI_AGAIN
70 error syscall getaddrinfo
71 error errno EAI_AGAIN
72 error request to https://registry.npmjs.org/axios failed, reason: getaddrinfo EAI_AGAIN registry.npmjs.org
73 verbose exit 1
74 timing npm Completed in 421178ms
75 verbose unfinished npm timer reify 1778175993753
76 verbose unfinished npm timer reify:loadTrees 1778175993805
77 verbose code 1
78 error A complete log of this run can be found in:
78 error     /home/user/Documents/reactNative/Aug09/headsup/.npm_cache/_logs/2026-05-07T17_46_33_552Z-debug-0.log
