0 verbose cli /usr/local/bin/node /usr/local/bin/npm
1 info using npm@8.19.3
2 info using node@v16.19.1
3 timing npm:load:whichnode Completed in 0ms
4 timing config:load:defaults Completed in 3ms
5 timing config:load:file:/usr/local/lib/node_modules/npm/npmrc Completed in 1ms
6 timing config:load:builtin Completed in 2ms
7 warn config optional Use `--omit=optional` to exclude optional dependencies, or
7 warn config `--include=optional` to include them.
7 warn config
7 warn config     Default value does install optional deps unless otherwise omitted.
8 timing config:load:cli Completed in 4ms
9 timing config:load:env Completed in 0ms
10 timing config:load:file:/home/user/Documents/reactNative/Aug09/headsup/backend/.npmrc Completed in 0ms
11 timing config:load:project Completed in 4ms
12 timing config:load:file:/home/user/.npmrc Completed in 0ms
13 timing config:load:user Completed in 1ms
14 timing config:load:file:/usr/local/etc/npmrc Completed in 1ms
15 timing config:load:global Completed in 1ms
16 timing config:load:validate Completed in 0ms
17 timing config:load:credentials Completed in 1ms
18 timing config:load:setEnvs Completed in 1ms
19 timing config:load Completed in 19ms
20 timing npm:load:configload Completed in 19ms
21 timing npm:load:mkdirpcache Completed in 7ms
22 timing npm:load:mkdirplogs Completed in 2ms
23 verbose title npm install
24 verbose argv "install" "--cache" "/home/user/Documents/reactNative/Aug09/headsup/.npm_cache" "--no-bin-links" "--no-optional" "--loglevel" "verbose"
25 timing npm:load:setTitle Completed in 4ms
26 timing config:load:flatten Completed in 4ms
27 timing npm:load:display Completed in 9ms
28 verbose logfile logs-max:10 dir:/home/user/Documents/reactNative/Aug09/headsup/.npm_cache/_logs
29 verbose logfile /home/user/Documents/reactNative/Aug09/headsup/.npm_cache/_logs/2026-05-07T17_46_13_948Z-debug-0.log
30 timing npm:load:logFile Completed in 8ms
31 timing npm:load:timers Completed in 0ms
32 timing npm:load:configScope Completed in 0ms
33 timing npm:load Completed in 52ms
34 timing arborist:ctor Completed in 1ms
35 silly logfile done cleaning log files
36 timing arborist:ctor Completed in 0ms
37 timing idealTree:init Completed in 21ms
38 timing idealTree:userRequests Completed in 0ms
39 silly idealTree buildDeps
40 silly fetch manifest cors@^2.8.5
41 silly fetch manifest dotenv@^16.3.1
42 silly fetch manifest express@^4.18.2
43 silly fetch manifest mongoose@^7.6.0
44 silly fetch manifest passport@^0.7.0
45 silly fetch manifest passport-google-oauth20@^2.0.0
46 silly fetch manifest nodemon@^3.0.1
47 silly placeDep ROOT cors@ OK for: headsup-backend@1.0.0 want: ^2.8.5
48 silly placeDep ROOT dotenv@ OK for: headsup-backend@1.0.0 want: ^16.3.1
49 silly placeDep ROOT express@ OK for: headsup-backend@1.0.0 want: ^4.18.2
50 silly placeDep ROOT mongoose@ OK for: headsup-backend@1.0.0 want: ^7.6.0
51 silly placeDep ROOT nodemon@ OK for: headsup-backend@1.0.0 want: ^3.0.1
52 silly placeDep ROOT passport@ OK for: headsup-backend@1.0.0 want: ^0.7.0
53 silly placeDep ROOT passport-google-oauth20@ OK for: headsup-backend@1.0.0 want: ^2.0.0
54 timing idealTree:#root Completed in 491003ms
55 timing idealTree:node_modules/cors Completed in 0ms
56 timing idealTree:node_modules/dotenv Completed in 0ms
57 timing idealTree:node_modules/express Completed in 0ms
58 timing idealTree:node_modules/mongoose Completed in 0ms
59 timing idealTree:node_modules/nodemon Completed in 0ms
60 timing idealTree:node_modules/passport Completed in 0ms
61 timing idealTree:node_modules/passport-google-oauth20 Completed in 0ms
62 timing idealTree:buildDeps Completed in 491007ms
63 timing idealTree:fixDepFlags Completed in 1ms
64 timing idealTree Completed in 491033ms
65 timing command:install Completed in 491094ms
66 verbose type system
67 verbose stack FetchError: request to https://registry.npmjs.org/cors failed, reason: getaddrinfo EAI_AGAIN registry.npmjs.org
67 verbose stack     at ClientRequest.<anonymous> (/usr/local/lib/node_modules/npm/node_modules/minipass-fetch/lib/index.js:130:14)
67 verbose stack     at ClientRequest.emit (node:events:513:28)
67 verbose stack     at TLSSocket.socketErrorListener (node:_http_client:494:9)
67 verbose stack     at TLSSocket.emit (node:events:525:35)
67 verbose stack     at emitErrorNT (node:internal/streams/destroy:157:8)
67 verbose stack     at emitErrorCloseNT (node:internal/streams/destroy:122:3)
67 verbose stack     at processTicksAndRejections (node:internal/process/task_queues:83:21)
68 verbose cwd /home/user/Documents/reactNative/Aug09/headsup/backend
69 verbose Linux 6.8.0-110-generic
70 verbose node v16.19.1
71 verbose npm  v8.19.3
72 error code EAI_AGAIN
73 error syscall getaddrinfo
74 error errno EAI_AGAIN
75 error request to https://registry.npmjs.org/cors failed, reason: getaddrinfo EAI_AGAIN registry.npmjs.org
76 verbose exit 1
77 timing npm Completed in 491308ms
78 verbose unfinished npm timer reify 1778175974154
79 verbose unfinished npm timer reify:loadTrees 1778175974207
80 verbose code 1
81 error A complete log of this run can be found in:
81 error     /home/user/Documents/reactNative/Aug09/headsup/.npm_cache/_logs/2026-05-07T17_46_13_948Z-debug-0.log
